// Jest Snapshot v1, https://goo.gl/fbAQLP

exports[`JobTable matches snapshot 1`] = `
Array [
  <div
    className="job-table__data-control-group"
  >
    <div
      className="MuiFormGroup-root MuiFormGroup-row"
    >
      <label
        className="MuiFormControlLabel-root"
      >
        <span
          aria-disabled={false}
          className="MuiButtonBase-root MuiIconButton-root PrivateSwitchBase-root-1 MuiCheckbox-root MuiCheckbox-colorPrimary PrivateSwitchBase-checked-2 Mui-checked MuiIconButton-colorPrimary"
          onBlur={[Function]}
          onDragLeave={[Function]}
          onFocus={[Function]}
          onKeyDown={[Function]}
          onKeyUp={[Function]}
          onMouseDown={[Function]}
          onMouseLeave={[Function]}
          onMouseUp={[Function]}
          onTouchEnd={[Function]}
          onTouchMove={[Function]}
          onTouchStart={[Function]}
          tabIndex={null}
        >
          <span
            className="MuiIconButton-label"
          >
            <input
              checked={true}
              className="PrivateSwitchBase-input-4"
              data-indeterminate={false}
              name="Show Completed"
              onChange={[Function]}
              type="checkbox"
            />
            <svg
              aria-hidden={true}
              className="MuiSvgIcon-root MuiSvgIcon-fontSizeSmall"
              focusable="false"
              viewBox="0 0 24 24"
            >
              <path
                d="M19 3H5c-1.11 0-2 .9-2 2v14c0 1.1.89 2 2 2h14c1.11 0 2-.9 2-2V5c0-1.1-.89-2-2-2zm-9 14l-5-5 1.41-1.41L10 14.17l7.59-7.59L19 8l-9 9z"
              />
            </svg>
          </span>
        </span>
        <span
          className="MuiTypography-root MuiFormControlLabel-label MuiTypography-body1"
        >
          In Progress
        </span>
      </label>
      <label
        className="MuiFormControlLabel-root"
      >
        <span
          aria-disabled={false}
          className="MuiButtonBase-root MuiIconButton-root PrivateSwitchBase-root-1 MuiCheckbox-root MuiCheckbox-colorPrimary PrivateSwitchBase-checked-2 Mui-checked MuiIconButton-colorPrimary"
          onBlur={[Function]}
          onDragLeave={[Function]}
          onFocus={[Function]}
          onKeyDown={[Function]}
          onKeyUp={[Function]}
          onMouseDown={[Function]}
          onMouseLeave={[Function]}
          onMouseUp={[Function]}
          onTouchEnd={[Function]}
          onTouchMove={[Function]}
          onTouchStart={[Function]}
          tabIndex={null}
        >
          <span
            className="MuiIconButton-label"
          >
            <input
              checked={true}
              className="PrivateSwitchBase-input-4"
              data-indeterminate={false}
              name="Show Incompleted"
              onChange={[Function]}
              type="checkbox"
            />
            <svg
              aria-hidden={true}
              className="MuiSvgIcon-root MuiSvgIcon-fontSizeSmall"
              focusable="false"
              viewBox="0 0 24 24"
            >
              <path
                d="M19 3H5c-1.11 0-2 .9-2 2v14c0 1.1.89 2 2 2h14c1.11 0 2-.9 2-2V5c0-1.1-.89-2-2-2zm-9 14l-5-5 1.41-1.41L10 14.17l7.59-7.59L19 8l-9 9z"
              />
            </svg>
          </span>
        </span>
        <span
          className="MuiTypography-root MuiFormControlLabel-label MuiTypography-body1"
        >
          Completed
        </span>
      </label>
      <label
        className="MuiFormControlLabel-root"
      >
        <span
          className="MuiSwitch-root"
        >
          <span
            aria-disabled={false}
            className="MuiButtonBase-root MuiIconButton-root PrivateSwitchBase-root-1 MuiSwitch-switchBase MuiSwitch-colorPrimary PrivateSwitchBase-checked-2 Mui-checked"
            onBlur={[Function]}
            onDragLeave={[Function]}
            onFocus={[Function]}
            onKeyDown={[Function]}
            onKeyUp={[Function]}
            onMouseDown={[Function]}
            onMouseLeave={[Function]}
            onMouseUp={[Function]}
            onTouchEnd={[Function]}
            onTouchMove={[Function]}
            onTouchStart={[Function]}
            tabIndex={null}
          >
            <span
              className="MuiIconButton-label"
            >
              <input
                checked={true}
                className="PrivateSwitchBase-input-4 MuiSwitch-input"
                name="Show Descending"
                onChange={[Function]}
                type="checkbox"
              />
              <span
                className="MuiSwitch-thumb"
              />
            </span>
          </span>
          <span
            className="MuiSwitch-track"
          />
        </span>
        <span
          className="MuiTypography-root MuiFormControlLabel-label MuiTypography-body1"
        >
          Date Time Descending
        </span>
      </label>
    </div>
    <div
      className="MuiFormGroup-root MuiFormGroup-row"
    >
      <label
        className="MuiFormControlLabel-root"
      >
        <div
          className="MuiFormControl-root MuiTextField-root"
        >
          <label
            className="MuiFormLabel-root MuiInputLabel-root MuiInputLabel-formControl MuiInputLabel-animated MuiInputLabel-marginDense MuiInputLabel-outlined"
            data-shrink={false}
          >
            Search for Contractor
          </label>
          <div
            className="MuiInputBase-root MuiOutlinedInput-root MuiInputBase-formControl MuiInputBase-marginDense MuiOutlinedInput-marginDense"
            onClick={[Function]}
          >
            <input
              aria-invalid={false}
              autoFocus={false}
              className="MuiInputBase-input MuiOutlinedInput-input MuiInputBase-inputMarginDense MuiOutlinedInput-inputMarginDense"
              disabled={false}
              onAnimationStart={[Function]}
              onBlur={[Function]}
              onChange={[Function]}
              onFocus={[Function]}
              required={false}
              type="text"
            />
            <fieldset
              aria-hidden={true}
              className="PrivateNotchedOutline-root-5 MuiOutlinedInput-notchedOutline"
            >
              <legend
                className="PrivateNotchedOutline-legendLabelled-7"
              >
                <span>
                  Search for Contractor
                </span>
              </legend>
            </fieldset>
          </div>
        </div>
        <span
          className="MuiTypography-root MuiFormControlLabel-label MuiTypography-body1"
        />
      </label>
    </div>
  </div>,
  <div
    className="MuiPaper-root MuiTableContainer-root app-table MuiPaper-elevation1 MuiPaper-rounded"
  >
    <table
      aria-label="a dense table"
      className="MuiTable-root"
      role={null}
    >
      <thead
        className="MuiTableHead-root"
        role={null}
      >
        <tr
          className="MuiTableRow-root MuiTableRow-head"
          role={null}
        >
          <th
            aria-sort={null}
            className="MuiTableCell-root MuiTableCell-head MuiTableCell-alignLeft MuiTableCell-sizeSmall"
            scope="col"
            style={
              Object {
                "width": "8em",
              }
            }
          >
            <span
              className="app-table__header-cell"
            >
              Job ID
            </span>
          </th>
          <th
            aria-sort={null}
            className="MuiTableCell-root MuiTableCell-head MuiTableCell-alignLeft MuiTableCell-sizeSmall"
            scope="col"
          >
            <span
              className="app-table__header-cell"
            >
              Location
            </span>
          </th>
          <th
            aria-sort={null}
            className="MuiTableCell-root MuiTableCell-head MuiTableCell-alignLeft MuiTableCell-sizeSmall"
            scope="col"
          >
            <span
              className="app-table__header-cell"
            >
              Date Time Started
            </span>
          </th>
          <th
            aria-sort={null}
            className="MuiTableCell-root MuiTableCell-head MuiTableCell-alignLeft MuiTableCell-sizeSmall"
            scope="col"
          >
            <span
              className="app-table__header-cell"
            >
              Date Time Ended
            </span>
          </th>
          <th
            aria-sort={null}
            className="MuiTableCell-root MuiTableCell-head MuiTableCell-alignLeft MuiTableCell-sizeSmall"
            scope="col"
          >
            <span
              className="app-table__header-cell"
            >
              Contractor Name
            </span>
          </th>
          <th
            aria-sort={null}
            className="MuiTableCell-root MuiTableCell-head MuiTableCell-alignLeft MuiTableCell-sizeSmall"
            scope="col"
          >
            <span
              className="app-table__header-cell"
            >
              Company
            </span>
          </th>
          <th
            aria-sort={null}
            className="MuiTableCell-root MuiTableCell-head MuiTableCell-alignLeft MuiTableCell-sizeSmall"
            scope="col"
          >
            <span
              className="app-table__header-cell"
            >
              Phone
            </span>
          </th>
          <th
            aria-sort={null}
            className="MuiTableCell-root MuiTableCell-head MuiTableCell-alignCenter MuiTableCell-sizeSmall"
            scope="col"
          >
            <span
              className="app-table__header-cell"
            >
              Status
            </span>
          </th>
          <th
            aria-sort={null}
            className="MuiTableCell-root MuiTableCell-head MuiTableCell-alignCenter MuiTableCell-sizeSmall"
            scope="col"
          />
        </tr>
      </thead>
      <tbody
        className="MuiTableBody-root"
        role={null}
      >
        <tr
          className="MuiTableRow-root"
          role={null}
        >
          <td
            aria-sort={null}
            className="MuiTableCell-root MuiTableCell-body MuiTableCell-alignCenter MuiTableCell-sizeSmall"
            colSpan={8}
          >
            <span
              className="app__no-data-message"
            >
              No data available.
            </span>
          </td>
        </tr>
      </tbody>
    </table>
  </div>,
]
`;
